USA FREE PPTP VPN List

PPTP VPN Server IP      Username        Password
================================================

67.212.188.13           freevpn         accounts
206.190.129.237         websitevpn.com  freevpn
67.212.188.11           mybestvpn       freevpn
99.198.108.118          usipvpn.com     freevpn
65.60.20.67             newipvpn.com    2013
206.190.129.238         vpnip.net       2013
65.60.20.70             free            free
65.111.173.161          free            1234
65.111.169.4            free            1234

UK FREE PPTP VPN List

PPTP VPN Server IP      Username        Password
================================================

77.92.92.133            freevpn         accounts
146.185.23.28           websitevpn.com  freevpn
83.170.115.100          mybestvpn       freevpn
85.234.144.32           ukipvpn.com     freevpn
83.170.101.202          newipvpn.com    2013
146.185.23.27           vpnip.net       2013
83.170.106.151          free            free
83.170.105.190          free            1234
77.92.95.124            free            1234

Canada FREE PPTP VPN List

PPTP VPN Server IP      Username        Password
================================================

108.163.169.44          free            1234
108.163.184.237         free            1234
